output: sum: 480.2512  dtype: BFloat16 shape: [1,128,2560]
logits: sum: 1711.1827  dtype: BFloat16 shape: [1,128,51200]
